# serializer version: 1
# name: test__format_report
  '''
  
  | Type    | Comment   | Last Edit | Source File         |
  |---------|-----------|-----------|---------------------|
  |    TODO | Example 2 | N/A       | data/test_project:1 |
  
  Found code tags for TODO (1)
  
  '''
# ---
# name: test__search_lines
  list([
    _CodeTag(lineno=2, tag='FIXME', text='Show README.md in the documentation (may need to update paths?)")'),
    _CodeTag(lineno=3, tag='FYI', text='Replace src_examples_dir and make more generic to specify code to include in documentation'),
    _CodeTag(lineno=4, tag='HACK', text='Show table of contents in __init__.py file'),
    _CodeTag(lineno=7, tag='REVIEW', text='Show table of contents in __init__.py file'),
    _CodeTag(lineno=10, tag='HACK', text='Support unconventional dashed code tags'),
    _CodeTag(lineno=13, tag='FIXME', text='and FYI: in the same line, but only match the first'),
  ])
# ---
